// Vitest Snapshot v1

exports[`CertificatesSection > renders correctly with open false 1`] = `
<body>
  <div>
    <section
      class="mt-10 sm:mt-20"
      id="cvHobbies"
    >
      <div
        class="border-b-2 border-black dark:border-neutral-500 pb-3"
      >
        <h3
          class="uppercase text-2xl font-bold text-right"
        >
          Hobbies
        </h3>
      </div>
       
      <div
        class="border-t-4 border-black dark:border-neutral-500 mt-0.5"
      />
      <!--&lt;SectionHeading&gt;-->
       
      <div
        class="pt-8"
      >
        <p
          class="text-justify dark:text-neutral-300 text-neutral-500"
        >
          I enjoy taking on challenging projects as an opportunity to learn and
			grow, and am dedicated to delivering high-quality work.
        </p>
         
        <div
          class="mt-6 font-bold flex-initial flex-wrap flex-row"
        >
          <span
            class="px-4 py-0.5 mx-1 border border-neutral-300 rounded-full text-xs uppercase"
          >
            Hobby 1
             
          </span>
          <span
            class="px-4 py-0.5 mx-1 border border-neutral-300 rounded-full text-xs uppercase"
          >
            Hobby 2
             
          </span>
          <span
            class="px-4 py-0.5 mx-1 border border-neutral-300 rounded-full text-xs uppercase"
          >
            Hobby 3
             
          </span>
        </div>
      </div>
    </section>
    <!--&lt;HobbiesSection&gt;-->
  </div>
</body>
`;
