// Vitest Snapshot v1

exports[`Sidebar > renders correctly 1`] = `
<body>
  <div>
    <div
      class="border-b-2 border-black dark:border-neutral-500 pb-3"
    >
      <h3
        class="uppercase text-2xl font-bold text-right"
      >
        Testing
      </h3>
    </div>
     
    <div
      class="border-t-4 border-black dark:border-neutral-500 mt-0.5"
    />
    <!--&lt;SectionHeading&gt;-->
  </div>
</body>
`;
